[2026-09-15 23:47:50,741] 21 root - INFO - Data ingestion started
[2026-09-15 23:47:50,868] 24 root - INFO - Read the Data from the csv file
[2026-09-15 23:47:51,736] 27 root - INFO - Created the raw data file
[2026-09-15 23:47:51,736] 29 root - INFO - Splitting the data into train and test
[2026-09-15 23:47:51,757] 31 root - INFO - Data Splitting is done
[2026-09-15 23:47:52,687] 35 root - INFO - Created the train and test data files
[2026-09-15 23:47:52,687] 36 root - INFO - Data ingestion completed
[2026-09-15 23:47:52,832] 83 root - INFO - read train and test data complete
[2026-09-15 23:47:52,836] 84 root - INFO - Train Dataframe Head : 
       id  carat        cut color clarity  depth  table     x     y     z  price
0   14868   0.50      Ideal     D     SI1   62.1   57.0  5.05  5.08  3.14   1355
1  165613   2.00  Very Good     G     SI2   59.5   57.0  8.08  8.15  4.89  14691
2   96727   0.27    Premium     E    VVS1   60.5   59.0  4.19  4.16  2.52    844
3  145593   0.32    Premium     I    VVS1   61.2   59.0  4.43  4.44  2.71    707
4  118689   1.19      Ideal     H     SI1   62.5   56.0  6.77  6.81  4.23   5797
[2026-09-15 23:47:52,839] 85 root - INFO - Test Dataframe Head : 
       id  carat      cut color clarity  depth  table     x     y     z  price
0   83475   0.32  Premium     E     SI1   61.6   58.0  4.38  4.41  2.71    614
1  160324   1.20  Premium     F     VS2   62.6   57.0  6.81  6.76  4.25   7002
2  101740   1.50    Ideal     I     VS2   62.2   55.0  7.30  7.26  4.53   9347
3  180341   1.67  Premium     I     SI2   61.9   59.0  7.65  7.61  4.71   8525
4   48480   1.00     Good     H     VS2   63.7   60.0  6.34  6.30  4.02   5217
[2026-09-15 23:47:52,840] 29 root - INFO - Data Transformation initiated
[2026-09-15 23:47:52,840] 40 root - INFO - Pipeline Initiated
[2026-09-15 23:47:52,994] 103 root - INFO - Applying preprocessing object on training and testing datasets.
[2026-09-15 23:47:53,003] 113 root - INFO - preprocessing pickle file saved
[2026-09-15 23:47:53,010] 26 root - INFO - Splitting Dependent and Independent variables from train and test data
[2026-09-15 23:47:53,529] 42 root - INFO - Model Report : {'LinearRegression': 0.9363376175893056, 'Lasso': 0.9364443387193849, 'Ridge': 0.9363387234150482, 'Elasticnet': 0.8552788017635695}
